// Jest Snapshot v1, https://goo.gl/fbAQLP

exports[`Pruebas en componente AddCategory. debe de hacer match con el snapshot. 1`] = `
<form
  onSubmit={[Function]}
>
  <p />
  <input
    onChange={[Function]}
    type="text"
    value=""
  />
</form>
`;
