// Jest Snapshot v1, https://goo.gl/fbAQLP

exports[`Pruebas en el componente GifGrid. debe de hacer match con el snapshot. 1`] = `
<Fragment>
  <h3
    className="animate__animated animate__fadeIn"
  >
    Netflix
  </h3>
  <p
    className="animate__animated animate__flash"
  >
    Loading
  </p>
  <div
    className="card-grid"
  />
</Fragment>
`;
